// Jest Snapshot v1, https://goo.gl/fbAQLP

exports[`matches the snapshot 1`] = `
<DocumentFragment>
  <table
    class="border-collapse table-auto"
  >
    <thead>
      <tr
        class="border-b border-gray-400 text-left"
      >
        <th>
          Word
        </th>
        <th>
          Definition
        </th>
        <th>
          Kind
        </th>
        <th>
          Group
        </th>
        <th
          colspan="2"
        >
          Root
        </th>
        <th
          colspan="2"
        >
          Examples
        </th>
      </tr>
    </thead>
    <tbody />
  </table>
</DocumentFragment>
`;
